// Vitest Snapshot v1, https://vitest.dev/guide/snapshot.html

exports[`Tool definitions snapshot > matches the expected tool API surface 1`] = `
[
  {
    "inputSchema": {
      "properties": {
        "args": {
          "description": "WP-CLI arguments (without "wp" prefix). Example: "post list --post_type=page --format=json"",
          "type": "string",
        },
        "siteId": {
          "description": "Optional Local site ID to run this against a different registered site — for example a preview created by preview_start. Defaults to this endpoint's site.",
          "type": "string",
        },
      },
      "required": [
        "args",
      ],
      "type": "object",
    },
    "name": "wp_cli",
  },
  {
    "inputSchema": {
      "properties": {
        "filter": {
          "description": "Optional string to filter log lines (case-insensitive).",
          "type": "string",
        },
        "lines": {
          "default": 50,
          "description": "Number of lines to return from the end of the log. Default 50.",
          "type": "number",
        },
        "siteId": {
          "description": "Optional Local site ID to run this against a different registered site — for example a preview created by preview_start. Defaults to this endpoint's site.",
          "type": "string",
        },
      },
      "type": "object",
    },
    "name": "read_error_log",
  },
  {
    "inputSchema": {
      "properties": {
        "filter": {
          "description": "Optional string to filter log lines (case-insensitive).",
          "type": "string",
        },
        "lines": {
          "default": 50,
          "description": "Number of lines to return from the end of the log. Default 50.",
          "type": "number",
        },
        "siteId": {
          "description": "Optional Local site ID to run this against a different registered site — for example a preview created by preview_start. Defaults to this endpoint's site.",
          "type": "string",
        },
      },
      "type": "object",
    },
    "name": "read_access_log",
  },
  {
    "inputSchema": {
      "properties": {
        "debug_log": {
          "description": "Enable WP_DEBUG_LOG (writes errors to wp-content/debug.log). Defaults to same value as enable.",
          "type": "boolean",
        },
        "enable": {
          "description": "Set to true to enable debug mode, false to disable.",
          "type": "boolean",
        },
        "script_debug": {
          "description": "Enable SCRIPT_DEBUG (loads non-minified scripts). Defaults to same value as enable.",
          "type": "boolean",
        },
        "siteId": {
          "description": "Optional Local site ID to run this against a different registered site — for example a preview created by preview_start. Defaults to this endpoint's site.",
          "type": "string",
        },
      },
      "required": [
        "enable",
      ],
      "type": "object",
    },
    "name": "wp_debug_toggle",
  },
  {
    "inputSchema": {
      "properties": {
        "raw": {
          "default": false,
          "description": "If true, return the raw file content instead of parsed constants. Default false.",
          "type": "boolean",
        },
        "siteId": {
          "description": "Optional Local site ID to run this against a different registered site — for example a preview created by preview_start. Defaults to this endpoint's site.",
          "type": "string",
        },
      },
      "type": "object",
    },
    "name": "read_wp_config",
  },
  {
    "inputSchema": {
      "properties": {
        "name": {
          "description": "The constant name (e.g., "WP_DEBUG", "WP_MEMORY_LIMIT").",
          "type": "string",
        },
        "siteId": {
          "description": "Optional Local site ID to run this against a different registered site — for example a preview created by preview_start. Defaults to this endpoint's site.",
          "type": "string",
        },
        "value": {
          "description": "The value to set. Use PHP literal syntax: true, false, "string", or 123. Strings must include quotes.",
          "type": "string",
        },
      },
      "required": [
        "name",
        "value",
      ],
      "type": "object",
    },
    "name": "edit_wp_config",
  },
  {
    "inputSchema": {
      "properties": {
        "siteId": {
          "description": "Optional Local site ID to run this against a different registered site — for example a preview created by preview_start. Defaults to this endpoint's site.",
          "type": "string",
        },
      },
      "type": "object",
    },
    "name": "get_site_info",
  },
  {
    "inputSchema": {
      "properties": {
        "siteId": {
          "description": "Optional Local site ID to run this against a different registered site — for example a preview created by preview_start. Defaults to this endpoint's site.",
          "type": "string",
        },
      },
      "type": "object",
    },
    "name": "site_health_check",
  },
  {
    "inputSchema": {
      "properties": {
        "siteId": {
          "description": "The Local site ID. Optional — defaults to the current site.",
          "type": "string",
        },
      },
      "type": "object",
    },
    "name": "site_start",
  },
  {
    "inputSchema": {
      "properties": {
        "siteId": {
          "description": "The Local site ID. Optional — defaults to the current site.",
          "type": "string",
        },
      },
      "type": "object",
    },
    "name": "site_stop",
  },
  {
    "inputSchema": {
      "properties": {
        "siteId": {
          "description": "The Local site ID. Optional — defaults to the current site.",
          "type": "string",
        },
      },
      "type": "object",
    },
    "name": "site_restart",
  },
  {
    "inputSchema": {
      "properties": {
        "siteId": {
          "description": "The Local site ID. Optional — defaults to the current site.",
          "type": "string",
        },
      },
      "type": "object",
    },
    "name": "site_status",
  },
  {
    "inputSchema": {
      "properties": {},
      "type": "object",
    },
    "name": "list_sites",
  },
  {
    "inputSchema": {
      "properties": {
        "label": {
          "description": "Short purpose label for this preview — what work it is for, not the word "preview" (e.g. "Polylang Fix", "player-v3", a branch or ticket id). Names the site "<Parent Name> - <label>". Omitting it falls back to a random suffix, which humans cannot tell apart — always provide one.",
          "type": "string",
        },
        "siteId": {
          "description": "The Local site ID of the site to clone. Optional — defaults to the current site.",
          "type": "string",
        },
      },
      "type": "object",
    },
    "name": "preview_start",
  },
  {
    "inputSchema": {
      "properties": {},
      "type": "object",
    },
    "name": "preview_list",
  },
  {
    "inputSchema": {
      "properties": {
        "siteId": {
          "description": "The Local site ID of the preview to delete.",
          "type": "string",
        },
      },
      "required": [
        "siteId",
      ],
      "type": "object",
    },
    "name": "preview_destroy",
  },
]
`;

exports[`Tool definitions snapshot > tool descriptions match snapshot 1`] = `
[
  {
    "description": "Run an arbitrary WP-CLI command. Pass arguments without the leading "wp" prefix. Example: args="post list --post_type=page --format=json"

Plugins and themes are loaded by default so plugin-provided commands (e.g. "elasticpress stats", "acf", "redis") work. If a specific plugin or theme is fatally erroring, pass "--skip-plugins=<slug>" / "--skip-themes=<slug>" (or the bare flags to skip all) to bypass it.

WARNING: Some WP-CLI commands are destructive and should only be run after confirming with the user:
- "eval" / "eval-file" / "shell" — execute arbitrary PHP code
- "db drop" / "db reset" — destroy the database
- "db import" — overwrite the database
- "plugin install <url>" / "theme install <url>" — install code from external sources
- "site empty" / "site delete" — delete site content
- "search-replace" (without --dry-run) — bulk modify database content
Always confirm with the user before running these commands.",
    "name": "wp_cli",
  },
  {
    "description": "Read the PHP error log for the Local site. Returns the last N lines (default 50), parsed into structured entries when possible.",
    "name": "read_error_log",
  },
  {
    "description": "Read the nginx access log for the Local site. Returns the last N lines (default 50).",
    "name": "read_access_log",
  },
  {
    "description": "Enable or disable WordPress debug mode. Modifies WP_DEBUG, WP_DEBUG_LOG, and SCRIPT_DEBUG constants in wp-config.php.",
    "name": "wp_debug_toggle",
  },
  {
    "description": "Read and parse wp-config.php, extracting all define() constants and their values. Also shows the database table prefix.",
    "name": "read_wp_config",
  },
  {
    "description": "Add or modify a PHP constant in wp-config.php. If the constant already exists, its value is replaced. If not, it is added before the "That's all, stop editing!" comment. A backup is created before any modification.",
    "name": "edit_wp_config",
  },
  {
    "description": "Get comprehensive information about the Local site: paths, URLs, database config, PHP version, WordPress version, active plugins and theme.",
    "name": "get_site_info",
  },
  {
    "description": "Run a health check on the WordPress site: tests database connectivity, file permissions, WP_DEBUG status, log file sizes, and PHP version.",
    "name": "site_health_check",
  },
  {
    "description": "Start a Local site's services (PHP, MySQL, web server). If siteId is omitted, operates on the current site.",
    "name": "site_start",
  },
  {
    "description": "Stop a Local site's services (PHP, MySQL, web server). If siteId is omitted, operates on the current site.",
    "name": "site_stop",
  },
  {
    "description": "Restart a Local site's services (PHP, MySQL, web server). If siteId is omitted, operates on the current site.",
    "name": "site_restart",
  },
  {
    "description": "Get the current status (running, halted, etc.) of a Local site. If siteId is omitted, operates on the current site.",
    "name": "site_status",
  },
  {
    "description": "List all Local sites with their ID, name, domain, path, and current status.",
    "name": "list_sites",
  },
  {
    "description": "Clone a Local site (default: the current site) into a disposable preview site with its own database, PHP/MySQL processes, domain, and logs. Returns the preview's own MCP endpoint URL and is intended for isolated agent work (for example, a git worktree). Cloning copies the full database and wp-content and may take a while on large sites.

Always pass a "label" describing the purpose of the preview (the task, branch, or ticket — e.g. "Polylang Fix", "player-v3", "PROJ-123"). The site is named "<Parent Name> - <label>" so a human can scan Local's sidebar and know what each preview is for. Never reuse a label that is still in use.",
    "name": "preview_start",
  },
  {
    "description": "List all disposable preview sites and their MCP endpoint URLs.",
    "name": "preview_list",
  },
  {
    "description": "Permanently delete a preview site, with its files moved to trash. ONLY works on sites created by preview_start and refuses to delete regular sites.",
    "name": "preview_destroy",
  },
]
`;
